%!Adobe-FontList 1.14
%Locale:0x412

%BeginFont
Handler:DirectoryHandler
FontType:Invalid
OutlineFileName:E:\김도연\04.슬라이스\BYREDO\Font\fonts.css
FileModTime:1590379611
%EndFont

%BeginFont
Handler:DirectoryHandler
FontType:Invalid
OutlineFileName:E:\김도연\04.슬라이스\BYREDO\Font\NanumMyeongjoB.eot
FileModTime:1590113009
%EndFont

%BeginFont
Handler:DirectoryHandler
FontType:TrueType
FontName:NanumMyeongjoBold
FamilyName:NanumMyeongjo
StyleName:Bold
FullName:NanumMyeongjoBold
MenuName:NanumMyeongjo
StyleBits:0
FamilyNameNative:
StyleNameNative:Bold
FullNameNative:
WritingScript:Korean
OutlineFileName:E:\김도연\04.슬라이스\BYREDO\Font\NanumMyeongjoB.ttf
DataFormat:sfntData
FileLength:8494680
FileModTime:1590113010
WeightClass:600
WidthClass:5
AngleClass:0
%EndFont

%BeginFont
Handler:DirectoryHandler
FontType:Invalid
OutlineFileName:E:\김도연\04.슬라이스\BYREDO\Font\NanumMyeongjoB.woff
FileModTime:1590113010
%EndFont

%BeginFont
Handler:DirectoryHandler
FontType:Invalid
OutlineFileName:E:\김도연\04.슬라이스\BYREDO\Font\NanumMyeongjoB.woff2
FileModTime:1590113010
%EndFont

%BeginFont
Handler:DirectoryHandler
FontType:Invalid
OutlineFileName:E:\김도연\04.슬라이스\BYREDO\Font\NanumMyeongjoEB.eot
FileModTime:1590113010
%EndFont

%BeginFont
Handler:DirectoryHandler
FontType:TrueType
FontName:NanumMyeongjoExtraBold
FamilyName:NanumMyeongjo
StyleName:ExtraBold
FullName:NanumMyeongjoExtraBold
MenuName:NanumMyeongjoExtraBold
StyleBits:0
FamilyNameNative:
StyleNameNative:ExtraBold
FullNameNative:
WritingScript:Korean
OutlineFileName:E:\김도연\04.슬라이스\BYREDO\Font\NanumMyeongjoEB.ttf
DataFormat:sfntData
FileLength:9033696
FileModTime:1590113011
WeightClass:700
WidthClass:5
AngleClass:0
%EndFont

%BeginFont
Handler:DirectoryHandler
FontType:Invalid
OutlineFileName:E:\김도연\04.슬라이스\BYREDO\Font\NanumMyeongjoEB.woff
FileModTime:1590113011
%EndFont

%BeginFont
Handler:DirectoryHandler
FontType:Invalid
OutlineFileName:E:\김도연\04.슬라이스\BYREDO\Font\NanumMyeongjoEB.woff2
FileModTime:1590113011
%EndFont

%BeginFont
Handler:DirectoryHandler
FontType:Invalid
OutlineFileName:E:\김도연\04.슬라이스\BYREDO\Font\NanumMyeongjoR.eot
FileModTime:1590113011
%EndFont

%BeginFont
Handler:DirectoryHandler
FontType:TrueType
FontName:NanumMyeongjo
FamilyName:NanumMyeongjo
StyleName:Regular
FullName:NanumMyeongjo
MenuName:NanumMyeongjo
StyleBits:0
FamilyNameNative:
StyleNameNative:Regular
FullNameNative:
WritingScript:Korean
OutlineFileName:E:\김도연\04.슬라이스\BYREDO\Font\NanumMyeongjoR.ttf
DataFormat:sfntData
FileLength:7949748
FileModTime:1590113012
WeightClass:400
WidthClass:5
AngleClass:0
%EndFont

%BeginFont
Handler:DirectoryHandler
FontType:Invalid
OutlineFileName:E:\김도연\04.슬라이스\BYREDO\Font\NanumMyeongjoR.woff
FileModTime:1590113012
%EndFont

%BeginFont
Handler:DirectoryHandler
FontType:Invalid
OutlineFileName:E:\김도연\04.슬라이스\BYREDO\Font\NanumMyeongjoR.woff2
FileModTime:1590113012
%EndFont

%BeginFont
Handler:DirectoryHandler
FontType:Invalid
OutlineFileName:E:\김도연\04.슬라이스\BYREDO\Font\NotoSans-Black.eot
FileModTime:1590113017
%EndFont

%BeginFont
Handler:DirectoryHandler
FontType:CID
FontName:NotoSansKR-Black
FamilyName:Noto Sans KR
StyleName:Black
FullName:Noto Sans KR Black
MenuName:Noto Sans KR Black
StyleBits:0
FamilyNameNative:
StyleNameNative:Black
FullNameNative:
WritingScript:Korean
OutlineFileName:E:\김도연\04.슬라이스\BYREDO\Font\NotoSans-Black.otf
DataFormat:sfntData
isCFF:yes
FileLength:403792
FileModTime:1590113017
WeightClass:900
WidthClass:5
AngleClass:0
%EndFont

%BeginFont
Handler:DirectoryHandler
FontType:Invalid
OutlineFileName:E:\김도연\04.슬라이스\BYREDO\Font\NotoSans-Black.woff
FileModTime:1590113017
%EndFont

%BeginFont
Handler:DirectoryHandler
FontType:Invalid
OutlineFileName:E:\김도연\04.슬라이스\BYREDO\Font\NotoSans-Black.woff2
FileModTime:1590113018
%EndFont

%BeginFont
Handler:DirectoryHandler
FontType:Invalid
OutlineFileName:E:\김도연\04.슬라이스\BYREDO\Font\NotoSans-Bold.eot
FileModTime:1590113018
%EndFont

%BeginFont
Handler:DirectoryHandler
FontType:CID
FontName:NotoSansKR-Bold
FamilyName:Noto Sans KR
StyleName:Bold
FullName:Noto Sans KR Bold
MenuName:Noto Sans KR Bold
StyleBits:0
FamilyNameNative:
StyleNameNative:Bold
FullNameNative:
WritingScript:Korean
OutlineFileName:E:\김도연\04.슬라이스\BYREDO\Font\NotoSans-Bold.otf
DataFormat:sfntData
isCFF:yes
FileLength:396476
FileModTime:1590113018
WeightClass:700
WidthClass:5
AngleClass:0
%EndFont

%BeginFont
Handler:DirectoryHandler
FontType:Invalid
OutlineFileName:E:\김도연\04.슬라이스\BYREDO\Font\NotoSans-Bold.woff
FileModTime:1590113018
%EndFont

%BeginFont
Handler:DirectoryHandler
FontType:Invalid
OutlineFileName:E:\김도연\04.슬라이스\BYREDO\Font\NotoSans-Bold.woff2
FileModTime:1590113018
%EndFont

%BeginFont
Handler:DirectoryHandler
FontType:Invalid
OutlineFileName:E:\김도연\04.슬라이스\BYREDO\Font\NotoSans-DemiLight.eot
FileModTime:1590113018
%EndFont

%BeginFont
Handler:DirectoryHandler
FontType:CID
FontName:NotoSansKR-DemiLight
FamilyName:Noto Sans KR
StyleName:DemiLight
FullName:Noto Sans KR DemiLight
MenuName:Noto Sans KR DemiLight
StyleBits:0
FamilyNameNative:
StyleNameNative:DemiLight
FullNameNative:
WritingScript:Korean
OutlineFileName:E:\김도연\04.슬라이스\BYREDO\Font\NotoSans-DemiLight.otf
DataFormat:sfntData
isCFF:yes
FileLength:394124
FileModTime:1590113018
WeightClass:350
WidthClass:5
AngleClass:0
%EndFont

%BeginFont
Handler:DirectoryHandler
FontType:Invalid
OutlineFileName:E:\김도연\04.슬라이스\BYREDO\Font\NotoSans-DemiLight.woff
FileModTime:1590113018
%EndFont

%BeginFont
Handler:DirectoryHandler
FontType:Invalid
OutlineFileName:E:\김도연\04.슬라이스\BYREDO\Font\NotoSans-DemiLight.woff2
FileModTime:1590113018
%EndFont

%BeginFont
Handler:DirectoryHandler
FontType:Invalid
OutlineFileName:E:\김도연\04.슬라이스\BYREDO\Font\NotoSans-Light.eot
FileModTime:1590113018
%EndFont

%BeginFont
Handler:DirectoryHandler
FontType:CID
FontName:NotoSansKR-Light
FamilyName:Noto Sans KR
StyleName:Light
FullName:Noto Sans KR Light
MenuName:Noto Sans KR Light
StyleBits:0
FamilyNameNative:
StyleNameNative:Light
FullNameNative:
WritingScript:Korean
OutlineFileName:E:\김도연\04.슬라이스\BYREDO\Font\NotoSans-Light.otf
DataFormat:sfntData
isCFF:yes
FileLength:397004
FileModTime:1590113018
WeightClass:300
WidthClass:5
AngleClass:0
%EndFont

%BeginFont
Handler:DirectoryHandler
FontType:Invalid
OutlineFileName:E:\김도연\04.슬라이스\BYREDO\Font\NotoSans-Light.woff
FileModTime:1590113018
%EndFont

%BeginFont
Handler:DirectoryHandler
FontType:Invalid
OutlineFileName:E:\김도연\04.슬라이스\BYREDO\Font\NotoSans-Light.woff2
FileModTime:1590113018
%EndFont

%BeginFont
Handler:DirectoryHandler
FontType:Invalid
OutlineFileName:E:\김도연\04.슬라이스\BYREDO\Font\NotoSans-Medium.eot
FileModTime:1590113018
%EndFont

%BeginFont
Handler:DirectoryHandler
FontType:CID
FontName:NotoSansKR-Medium
FamilyName:Noto Sans KR
StyleName:Medium
FullName:Noto Sans KR Medium
MenuName:Noto Sans KR Medium
StyleBits:0
FamilyNameNative:
StyleNameNative:Medium
FullNameNative:
WritingScript:Korean
OutlineFileName:E:\김도연\04.슬라이스\BYREDO\Font\NotoSans-Medium.otf
DataFormat:sfntData
isCFF:yes
FileLength:391268
FileModTime:1590113018
WeightClass:500
WidthClass:5
AngleClass:0
%EndFont

%BeginFont
Handler:DirectoryHandler
FontType:Invalid
OutlineFileName:E:\김도연\04.슬라이스\BYREDO\Font\NotoSans-Medium.woff
FileModTime:1590113018
%EndFont

%BeginFont
Handler:DirectoryHandler
FontType:Invalid
OutlineFileName:E:\김도연\04.슬라이스\BYREDO\Font\NotoSans-Medium.woff2
FileModTime:1590113018
%EndFont

%BeginFont
Handler:DirectoryHandler
FontType:Invalid
OutlineFileName:E:\김도연\04.슬라이스\BYREDO\Font\NotoSans-Regular.eot
FileModTime:1590113018
%EndFont

%BeginFont
Handler:DirectoryHandler
FontType:CID
FontName:NotoSansKR-Regular
FamilyName:Noto Sans KR
StyleName:Regular
FullName:Noto Sans KR Regular
MenuName:Noto Sans KR Regular
StyleBits:0
FamilyNameNative:
StyleNameNative:Regular
FullNameNative:
WritingScript:Korean
OutlineFileName:E:\김도연\04.슬라이스\BYREDO\Font\NotoSans-Regular.otf
DataFormat:sfntData
isCFF:yes
FileLength:392940
FileModTime:1590113019
WeightClass:400
WidthClass:5
AngleClass:0
%EndFont

%BeginFont
Handler:DirectoryHandler
FontType:Invalid
OutlineFileName:E:\김도연\04.슬라이스\BYREDO\Font\NotoSans-Regular.woff
FileModTime:1590113019
%EndFont

%BeginFont
Handler:DirectoryHandler
FontType:Invalid
OutlineFileName:E:\김도연\04.슬라이스\BYREDO\Font\NotoSans-Regular.woff2
FileModTime:1590113019
%EndFont

%BeginFont
Handler:DirectoryHandler
FontType:Invalid
OutlineFileName:E:\김도연\04.슬라이스\BYREDO\Font\NotoSans-Thin.eot
FileModTime:1590113019
%EndFont

%BeginFont
Handler:DirectoryHandler
FontType:CID
FontName:NotoSansKR-Thin
FamilyName:Noto Sans KR
StyleName:Thin
FullName:Noto Sans KR Thin
MenuName:Noto Sans KR Thin
StyleBits:0
FamilyNameNative:
StyleNameNative:Thin
FullNameNative:
WritingScript:Korean
OutlineFileName:E:\김도연\04.슬라이스\BYREDO\Font\NotoSans-Thin.otf
DataFormat:sfntData
isCFF:yes
FileLength:399528
FileModTime:1590113019
WeightClass:250
WidthClass:5
AngleClass:0
%EndFont

%BeginFont
Handler:DirectoryHandler
FontType:Invalid
OutlineFileName:E:\김도연\04.슬라이스\BYREDO\Font\NotoSans-Thin.woff
FileModTime:1590113019
%EndFont

%BeginFont
Handler:DirectoryHandler
FontType:Invalid
OutlineFileName:E:\김도연\04.슬라이스\BYREDO\Font\NotoSans-Thin.woff2
FileModTime:1590113019
%EndFont

